border_size=1
usage=map

Ms^Xm, Ms^Xm, Ms^Xm, Ms^Xm, Ms^Xm, Ms^Xm, Ms^Xm, Ms^Xm, Ms^Xm, Ms^Xm, Ms^Xm, Ms^Xm, Ms^Xm, Ms^Xm, Ms^Xm, Ms^Xm, Ms^Xm, Md, Ms, Ms, Ms, Md, Md, Hhd, Hhd, Hhd, Hhd, Hhd, Gll, Gll, Gll, Gll, Hhd, Gll, Gll, Gll, Gll^Fmw, Gll, Gll, Gll, Gll, Gll, Hhd, Gll, Gll, Gll
Ms^Xm, Ms^Xm, Ms^Xm, Ms^Xm, Ms^Xm, Ms^Xm, Ms^Xm, Ms^Xm, Ms^Xm, Ms^Xm, Ms^Xm, Ms^Xm, Ms^Xm, Ms^Xm, Ms^Xm, Ms^Xm, Ms, Ms, Ms, Ms, Ms, Md, Md, Md, Md, Hhd, Hhd, Hhd^Fmw, Gll^Fp, Gll, Hhd, Hhd^Fmw, Gll^Fp, Gll, Gll^Ecf, Gll, Gll^Fp, Ce, Gll, Hhd, Ce, Gll, Hhd, Gll^Fmw, Gll^Vct, Gll
Ms^Xm, Ms^Xm, Ms^Xm, Ms^Xm, Ms^Xm, Ms^Xm, Ms^Xm, Ms^Xm, Ms^Xm, Ms^Xm, Ms^Xm, Ms^Xm, Ms^Xm, Ms^Xm, Ms^Xm, Ms^Xm, Ms, Ms, Ms, Ms, Md, Md, Md, Md, Md, Hhd, Hhd^Fp, Hhd^Fp, Hhd^Fmw, Hhd^Fp, Gll^Fmw, Gll^Fp, Gll^Fp, Gll, Gll, Gll, Gll^Fp, Ce, Gll, Gll, Ce, Ce, Ce, Hhd, Gll, Gll
Ms^Xm, Ms^Xm, Ms^Xm, Ms^Xm, Ms^Xm, Ms^Xm, Ms, Ms^Xm, Ms^Xm, Ms^Xm, Ms^Xm, Ms^Xm, Ms^Xm, Ms^Xm, Ms^Xm, Ms^Xm, Ms, Ms, Ms, Ms, Ms, Md, Md, Md, Md, Hhd, Hhd^Fmw, Hhd, Hhd, Hhd^Fp, Gll^Fp, Gll, Gll, Ce, Gll, Re^Vct, Hhd^Fp, Hhd^Fp, Gg^Fp, Ce, Ce, Ket, Ce, Ce, Gll^Ecf, Gll
Ms, Ms^Xm, Ms^Xm, Ms^Xm, Ms, Ms, Ms, Ms, Ms^Xm, Ms^Xm, Ms^Xm, Ms^Xm, Wog, Ms^Xm, Ms^Xm, Ms^Xm, Ms^Xm, Ms, Ms, Ms, Ms, Md, Md, Md, Hhd^Fp, Hhd, Hhd^Fmw, Hhd, Hhd^Fp, Gll, Gll^Fp, Gll^Fp, Gll, Ce, Hhd, Hhd, Gll, Gll, Gll, Hhd^Fp, Hhd^Fp, Ce, Ce, Gll, Gll, Gll
Ms, Ms, Ms, Ms, Ms, Ms, Ms, Ms, Ms^Xm, Ms^Xm, Ms^Xm, Ms^Xm, Wog, Ms^Xm, Ms^Xm, Ms^Xm, Ms^Xm, Ms, Ms, Ms, Ms, Md, Md, Gll, Hhd, Hhd^Fp, Hhd^Fp, Hhd^Fp, Gll, Gll^Fp, Gll^Fp, Gll^Fp, Gll^Fmw, Gll, Hhd^Fmw, Re^Vct, Gll, Ce, Ce, Gll, Gll, Gll, Gll, Gll, Ce, Gll
Ms, Ms, Ms, Ms, Ms, Ms, Ms^Xm, Ms^Xm, Ms^Xm, Ms^Xm, Ms^Xm, Ms^Xm, Wog, Ms^Xm, Ms^Xm, Ms^Xm, Ms^Xm, Ms, Ms, Ms, Ms, Md, Md, Hhd, Hhd^Fmw, Hhd, Hhd^Fmw, Gll^Fmw, Hhd^Fmw, Hhd^Fmw, Gll, Gll^Fmw, Gll, Hhd^Fmw, Gll, Gll^Fmw, Hhd, Hhd, Gll, Ce, Gll, Re^Vct, Ce, Ce, Gll, Gll
Ms, Ms, Ms, Ms, Ms, Ms, Ms, Ms^Xm, Ms^Xm, Ms^Xm, Ms^Xm, Ms^Xm, Wog, Ms^Xm, Ms^Xm, Ms^Xm, Ms, Ms, Ms, Ms, Md, Md, Md, Gll^Fp, Gll^Fp, Hhd, Hhd, Hhd, Hhd, Hhd^Fmw, Gll^Fp, Gll, Gll, Hhd^Fp, Gll^Fmw, Re^Vct, Gll^Fp, Hhd^Fmw, Gll^Ecf, Gll, Hhd, Hhd, Hhd, Gll, Hhd, Gll
Md, Ms, Ms, Ms, Ms, Ms, Ms, Ms^Xm, Ms, Ms^Xm, Ms, Ms^Xm, Ms, Wog, Wog, Ms^Xm, Ms, Ms, Ms, Ms, Ms, Md, Ms, Md, Md, Hhd^Fp, Hhd^Fp, Hhd, Hhd^Fp, Hhd, Hhd, Gll^Fp, Gll^Fp, Gll^Fp, Hhd, Gll, Gll^Fp, Hhd, Gll, Gll, Gll, Gll^Fmw, Hhd, Gll, Re^Vct, Gll
Md, Md, Ms, Ms, Ms, Ms, Ms, Ms, Ms, Ms, Ms, Ms, Ms, Ms, Ms, Wog, Wog, Ms, Ms, Ms, Ms, Md, Md, Md, Md, Md, Gll^Fmw, Hhd^Fp, Hhd^Fp, Gll^Fp, Hhd, Gll, Gll, Gll^Fp, Gll, Gll, Gll^Fp, Gll, Gll, Ce, Ce, Hhd, Hhd, Hhd, Gll, Gll
Md, Md, Ms, Md, Md, Ms, Ms, Ms, Ms, Ms, Ms, Ms, Ms, Ms, Ms, Ms, Wog, Ms, Ms, Ms, Ms, Md, Md, Md, Md, Md, Md, Gll^Fp, Hhd^Fmw, Gll^Fp, Gll^Fmw, Hhd, Gll, Hhd^Fmw, Hhd, Hhd, Gll^Fmw, Gll, Gll, Gll, Gll^Fmw, Gll, Gll^Fp, Gll^Fmw, Gll^Fmw, Gll
Md, Md, Md, Md, Md, Md, Ms, Ms, Md, Ms, Md, Ms, Ha, Ms, Ms, Ms, Wog, Ms, Ms, Ms, Ms, Md, Md, Ms, Ms, Md, Md, Md, Md, Hhd, Hhd, Hhd^Fmw, Gll, Gll^Fmw, Gll^Fmw, Gll, Gll^Fmw, Gll, Hhd^Fmw, Gll, Gll^Fp, Gll^Fp, Hhd^Fmw, Gll^Fmw, Gll, Gll
Gg, Md, Md, Ms, Ms, Md, Md, Md, Md, Md, Hhd, Hhd, Ha, Ha, Ha, Ms, Wog, Ms, Md, Ms, Md, Md, Md, Ms, Ms, Md, Md, Md, Md, Md, Hhd, Hhd, Gll, Gll, Gll, Hhd, Gll^Fp, Gll, Gll, Gll^Fp, Hhd^Fp, Gll^Fmw, Gll^Fmw, Gll, Gll, Gll
Hhd, Hhd^Fp, Hhd, Md, Md, Md, Hhd^Fp, Hhd, Hhd^Fp, Hhd^Fp, Hhd^Fp, Hhd^Fp, Hhd, Ha, Hhd, Hhd, Wog, Md, Md, Md, Md, Md, Md, Md, Md, Ms, Md, Ms, Md, Md, Hhd, Hhd, Gll, Gll^Fp, Gll^Fmw, Hhd, Gll^Fp, Gll, Gll^Fp, Gll^Fp, Gll, Hhd, Gll, Gll^Fp, Gll^Fp, Gll
Gll, Hhd^Fp, Hhd^Fp, Hhd, Hhd^Fmw, Hhd^Fmw, Hhd, Hhd^Fp, Hhd^Fp, Hhd^Fp, Hhd^Fp, Hhd^Fp, Hhd^Fmw, Hhd, Hhd, Hhd, Hhd^Fmw, Wog, Wwg, Md, Md, Md, Hhd, Md, Md, Md, Md, Md, Md, Md, Hhd, Hhd, Gll, Gll^Fp, Gll^Fp, Gll, Gll, Gll^Fp, Gll, Gll, Gll^Fp, Gll, Gll, Gll^Fmw, Wwg, Wwg
Gll, Hhd, Hhd^Fmw, Hhd, Hhd^Fmw, Hhd, Gll, Hhd^Fmw, Gll^Fmw, Gll^Fp, Gll^Fp, Gll^Fp, Gll^Fp, Hhd^Fmw, Gll^Fp, Hhd, Gll^Fp, Hhd, Hhd, Wwg, Wwg, Hhd, Gll, Hhd, Hhd, Md, Hhd, Md, Hhd, Gll, Hhd, Hhd, Gll^Fp, Gll^Fp, Gll^Fp, Gll, Gll, Gll, Gll^Fp, Gll^Fp, Gll^Fp, Gll^Fp, Wwg, Wwg, Gll^Fp, Gll^Fp
Gll, Gll, Gll, Gll^Fp, Gll^Fp, Gll^Fp, Gll, Gll, Gll, Gll^Fmw, Gll^Fmw, Gll^Fp, Gll^Fp, Gll^Fp, Gll^Fp, Gll^Fp, Gll^Fp, Gll^Fp, Gll^Fmw, Hhd^Fmw, Wwg, Hhd^Fmw, Hhd, Hhd, Hhd, Hhd, Hhd, Hhd^Fp, Hhd^Fmw, Hhd^Fmw, Gll^Fp, Gll^Fp, Gll, Gll, Gll, Gll, Hhd^Fmw, Gll^Fmw, Gll^Fmw, Gll^Fp, Gll^Fp, Gll^Fp, Wwg, Gll, Gll^Fp, Gll
Gll, Gll, Gll, Gll, Gll^Fp, Gll^Fmw, Gll^Fmw, Gll^Vct, Gll, Gll, Gll^Fmw, Gll^Fp, Gll^Fmw, Gll^Fmw, Gll, Gll^Fmw, Gll^Fmw, Gll^Fmw, Gll, Gll^Fmw, Wwg, Gll^Fmw, Gll, Gll^Fmw, Gll^Fp, Hhd^Fmw, Gll^Fp, Gg, Hhd, Hhd, Wwg, Gll^Fmw, Wwg, Gll, Hhd, Hhd^Fp, Hhd^Fp, Gll, Hhd, Hhd, Hhd, Wwg, Hhd, Gll^Fp, Hhd, Gll^Fp
Gll, Gll, Hhd^Fmw, Gll^Fmw, Gll, Gll, Gll, Gll^Fmw, Gll^Fmw, Gll^Fmw, Gg, Gll^Fmw, Gll, Gll^Vct, Gll, Gll, Gll^Fmw, Gll^Fmw, Gll, Hhd^Fmw, Gg^Fmw, Wwg, Wwg, Gll, Gll^Fmw, Gll^Fp, Gll, Gll^Fp, Wwg, Wwg, Hhd, Wwg, Hhd, Wwg, Wwg, Hhd, Hhd, Hhd, Md, Hhd, Wwg, Wwg, Hhd, Hhd, Gll^Fp, Gll
Gll^Fmw, Gll^Fmw, Hhd, Gll^Fmw, Gll, Gll, Gll, Gll^Fmw, Gll^Fmw, Ce, Ket, Ce, Gll, Gll, Gll^Fmw, Gll^Fmw, Gll, Gll, Hhd, Gll, Gll, Gll, Gll^Fmw, Wwg, Wwg, Wwg, Wwg, Wwg, Gll^Fmw, Hhd, Gll, Hhd, Md, Md, Md, Wwg, Wwg, Md, Wwg, Wwg, Md, Md, Md, Hhd, Hhd^Fp, Hhd
Gll, Gll, Gll, Gll^Fmw, Gll, Re^Vct, Gll, Gll, Gll, Ce, Gll, Ce, Gll^Fmw, Gll^Fmw, Gll^Fp, Gll, Gll, Hhd, Hhd^Fmw, Gll^Fmw, Gll^Fmw, Gll^Fmw, Gll^Fmw, Gll^Fmw, Gll, Gll, Hhd, Gll, Hhd, Hhd^Fmw, Md, Md, Ms, Md, Md, Md, Md, Wwg, Md, Md, Md, Md, Md, Hhd, Hhd^Fp, Hhd
Gll, Hhd, Gll, Gll, Gll^Fp, Gll, Gll^Fp, Gll, Gll, Gll, Re^Vct, Gll, Gll, Gll, Gll^Fp, Gll^Fmw, Gll^Fmw, Hhd^Fmw, Gll, Hhd, Gll^Fmw, Gll, Gll^Fmw, Gll^Fmw, Hhd, Gll^Fmw, Hhd, Hhd, Hhd^Fp, Hhd^Fmw, Md, Md, Md, Ms, Ms, Md, Md, Md, Md, Md, Md, Md, Md, Hhd, Hhd^Fp, Hhd
Gll, Hhd, Gll, Gll^Fmw, Gll, Gll^Fp, Gll^Fmw, Gll^Fp, Gll^Fmw, Gll, Gll, Gll, Gll, Gll^Fmw, Gll^Fp, Gll, Gll, Hhd^Fmw, Gll^Fmw, Hhd^Fmw, Gll, Gll, Gll, Hhd, Hhd^Fmw, Hhd, Hhd^Fp, Hhd^Fp, Hhd, Hhd, Md, Md, Md, Md, Ms, Ms, Md, Md, Md, Ms, Ms, Md, Md, Hhd, Hhd, Hhd
Gll, Gll, Gll, Gll^Fp, Gll, Gll, Gll, Gll, Gll, Gll^Fmw, Gll^Fp, Gll^Fp, Gll^Fp, Gll^Fp, Gll^Fp, Gll^Fmw, Gll, Hhd, Gll, Gll^Fmw, Gll, Gll, Gll, Hhd, Hhd^Fmw, Hhd^Fp, Md, Hhd, Md, Hhd, Md, Md, Md, Md, Md, Md, Ms, Md, Md, Ms, Ms, Md, Md, Md, Md, Gg
Gll, Gll, Gll^Fp, Gll^Fp, Gll, Gll, Gll, Gll, Hhd, Gll, Gll, Gll^Fmw, Hhd, Gll, Gll, Gll, Gll, Gll, Gll^Fmw, Gll, Gll^Fmw, Gll, Hhd, Hhd, Md, Md, Md, Md, Md, Md, Md, Md, Md, Md, Md, Ms, Md, Md, Md, Md, Md, Md, Md, Md, Md, Gg
Gll, Gll, Gll, Gll^Fmw, Gll, Gg^Fmw, Hhd, Hhd^Fmw, Gll, Gll, Hhd, Hhd, Gll, Gll, Gll, Gll, Gll, Gll, Gll, Gll^Fmw, Gll, Hhd^Fmw, Hhd, Hhd, Md, Md, Md, Md, Md, Md, Ms, Md, Md, Md, Md, Md, Md, Md, Ms, Md, Ms, Md, Ms, Md, Md, Md
Gll, Gll, Gll, Gll, Gll, Hhd^Fmw, Gll^Fmw, Gll^Fmw, Hhd^Fmw, Hhd^Fmw, Hhd, Hhd^Fmw, Gll^Fmw, Gll^Fmw, Gll, Gll, Gg^Fmw, Gll, Gll, Gll^Fmw, Gll^Fmw, Gll^Fmw, Hhd, Hhd, Md, Md, Md, Md, Ms, Ms, Md, Ms, Md, Md, Md, Md, Ms, Ms, Ms, Ms, Ms, Ms, Ms, Ms, Ms, Md
Gll, Gll, Gll^Fmw, Hhd, Hhd, Hhd, Hhd, Hhd, Hhd, Hhd^Fmw, Gll, Gll, Gll^Fmw, Gll^Fp, Gll^Fmw, Gll, Gll, Gll, Gll, Gll^Fmw, Hhd, Hhd, Hhd, Hhd, Md, Md, Md, Md, Md, Md, Md, Md, Md, Md, Ms, Ms, Ms, Ms, Ms, Ms, Ms, Ms, Ms, Ms, Ms, Ms
Gll, Gll, Gll^Fmw, Hhd, Hhd^Fmw, Hhd, Gll^Fp, Gll^Fmw, Gll, Gll, Gll^Fmw, Gll, Gll^Fp, Gll^Fp, Gll, Gll, Gll, Gll, Hhd, Hhd, Hhd^Fmw, Hhd^Fmw, Hhd, Hhd, Md, Md, Md, Md, Md, Md, Ms, Ms, Ms, Ms, Ms, Ms, Ms, Ms, Ms^Xm, Ms, Ms^Xm, Ms, Ms^Xm, Ms, Ms, Ms
Gll, Gll, Gll^Fmw, Hhd, Gll^Fp, Gll^Fp, Gll, Gll, Gll^Fmw, Gll^Fmw, Gll, Gll^Fmw, Gll^Fmw, Gll, Gll^Fmw, Gll^Fmw, Hhd^Fmw, Hhd^Fmw, Hhd, Hhd, Hhd, Hhd, Hhd, Hhd, Ms, Md, Md, Md, Ms, Ms, Ms, Ms, Ms, Ms, Ms, Ms, Ms^Xm, Ms^Xm, Ms^Xm, Ms^Xm, Ms^Xm, Ms^Xm, Ms^Xm, Ms^Xm, Ms^Xm, Ms
Gll, Gll, Gll^Fmw, Gll^Fp, Gll^Fmw, Gll, Gll^Fmw, Gll, Gll^Fmw, Gll, Gll^Fmw, Gll, Hhd^Fmw, Gll, Gll^Fmw, Gll^Fmw, Hhd^Fmw, Gll, Hhd, Hhd, Md, Md, Md, Md, Ms, Ms, Md, Ms, Ms, Ms, Ms, Ms, Ms^Xm, Ms, Ms^Xm, Ms^Xm, Ms^Xm, Ms^Xm, Ms^Xm, Ms^Xm, Ms^Xm, Ms^Xm, Ms^Xm, Ms^Xm, Ms^Xm, Ms^Xm
Gll, Gll, Gll^Fmw, Gll, Gll^Fmw, Gll, Gll^Fmw, Gll^Fmw, Gll, Gll^Fmw, Hhd, Hhd, Gll^Fmw, Gll^Fmw, Hhd^Fmw, Hhd, Hhd^Fmw, Hhd, Md, Md, Md, Md, Md, Md, Md, Md, Ms, Ms, Ms, Ms, Ms^Xm, Ms^Xm, Ms^Xm, Ms^Xm, Ms^Xm, Ms^Xm, Ms^Xm, Ms^Xm, Ms^Xm, Ms^Xm, Ms^Xm, Ms^Xm, Ms^Xm, Ms^Xm, Ms^Xm, Ms^Xm
Gll, Gll^Fp, Hhd^Fmw, Gll^Fmw, Hhd^Fmw, Gll^Fmw, Hhd^Fmw, Gll^Fmw, Gll^Fmw, Gll^Fmw, Gll^Fp, Gll^Fp, Gll^Fp, Gll^Fp, Hhd, Hhd, Hhd, Hhd, Md, Md, Ms, Md, Md, Md, Ms, Ms, Ms, Ms, Ms, Ms, Ms^Xm, Ms^Xm, Ms^Xm, Ms^Xm, Ms^Xm, Ms^Xm, Ms^Xm, Ms^Xm, Ms^Xm, Ms^Xm, Ms^Xm, Ms^Xm, Ms^Xm, Ms^Xm, Ms^Xm, Ms^Xm
Gll, Gll^Fp, Gll, Hhd^Fmw, Gg^Fmw, Hhd^Fmw, Gll, Gll, Gll, Gll^Fp, Gll, Gll, Hhd^Fmw, Hhd^Fmw, Hhd, Hhd, Hhd, Md, Md, Ms, Md, Md, Md, Ms, Ms, Ms, Ms, Ms, Ms, Ms, Ms^Xm, Ms^Xm, Ms^Xm, Ms^Xm, Ms^Xm, Ms^Xm, Ms^Xm, Ms^Xm, Ms^Xm, Ms^Xm, Ms^Xm, Ms^Xm, Ms^Xm, Ms^Xm, Ms^Xm, Ms^Xm
Gll, Gll, Gll, Gll, Gll, Gll, Gll, Gll, Gll, Gll, Gll, Gll, Gll, Hhd, Gll, Gll, Gll, Md, Md, Md, Md, Md, Md, Ms, Ms, Ms, Ms, Ms, Ms^Xm, Ms^Xm, Ms^Xm, Ms^Xm, Ms^Xm, Ms^Xm, Ms^Xm, Ms^Xm, Ms^Xm, Ms^Xm, Ms^Xm, Ms^Xm, Ms^Xm, Ms^Xm, Ms^Xm, Ms^Xm, Ms^Xm, Ms^Xm
